../Core/Src/lcd_i2c_lib.c:25:13:lcd_Send_init_Data	24	static
../Core/Src/lcd_i2c_lib.c:43:13:lcd_Write_byte	24	static
../Core/Src/lcd_i2c_lib.c:51:13:lcd_Send_cmd	16	static
../Core/Src/lcd_i2c_lib.c:63:13:lcd_Send_data_symbol	24	static
../Core/Src/lcd_i2c_lib.c:79:13:lcd_Send_data	24	static
../Core/Src/lcd_i2c_lib.c:97:6:lcd_Init	16	static
../Core/Src/lcd_i2c_lib.c:162:6:lcd_Print_symbol	24	static
../Core/Src/lcd_i2c_lib.c:175:6:lcd_Print_text	24	static
../Core/Src/lcd_i2c_lib.c:189:6:lcd_SetCursor	24	static
../Core/Src/lcd_i2c_lib.c:219:6:lcd_Move_to_the_left	16	static
../Core/Src/lcd_i2c_lib.c:232:6:lcd_Move_to_the_right	16	static
../Core/Src/lcd_i2c_lib.c:246:6:lcd_Backlight	16	static
../Core/Src/lcd_i2c_lib.c:259:6:lcd_Create_symbol	24	static
../Core/Src/lcd_i2c_lib.c:269:6:lcd_Clean	16	static
../Core/Src/lcd_i2c_lib.c:280:6:lcd_Clean_Text	8	static
